c:\lasalle second year\goatedengine\vgp242\06_hellodebug\x64\debug\vc143.pdb
c:\lasalle second year\goatedengine\vgp242\06_hellodebug\x64\debug\vc143.idb
c:\lasalle second year\goatedengine\vgp242\06_hellodebug\x64\debug\winmain.obj
c:\lasalle second year\goatedengine\vgp242\06_hellodebug\x64\debug\gamestate.obj
c:\lasalle second year\goatedengine\x64\debug\06_hellodebug.pdb
c:\lasalle second year\goatedengine\vgp242\06_hellodebug\x64\debug\06_hellodebug.tlog\cl.command.1.tlog
c:\lasalle second year\goatedengine\vgp242\06_hellodebug\x64\debug\06_hellodebug.tlog\cl.read.1.tlog
c:\lasalle second year\goatedengine\vgp242\06_hellodebug\x64\debug\06_hellodebug.tlog\cl.write.1.tlog
c:\lasalle second year\goatedengine\vgp242\06_hellodebug\x64\debug\06_hellodebug.tlog\link-cvtres.read.1.tlog
c:\lasalle second year\goatedengine\vgp242\06_hellodebug\x64\debug\06_hellodebug.tlog\link-cvtres.write.1.tlog
c:\lasalle second year\goatedengine\vgp242\06_hellodebug\x64\debug\06_hellodebug.tlog\link-rc.read.1.tlog
c:\lasalle second year\goatedengine\vgp242\06_hellodebug\x64\debug\06_hellodebug.tlog\link-rc.write.1.tlog
c:\lasalle second year\goatedengine\vgp242\06_hellodebug\x64\debug\06_hellodebug.tlog\link.command.1.tlog
c:\lasalle second year\goatedengine\vgp242\06_hellodebug\x64\debug\06_hellodebug.tlog\link.read.1.tlog
c:\lasalle second year\goatedengine\vgp242\06_hellodebug\x64\debug\06_hellodebug.tlog\link.read.2.tlog
c:\lasalle second year\goatedengine\vgp242\06_hellodebug\x64\debug\06_hellodebug.tlog\link.read.3.tlog
c:\lasalle second year\goatedengine\vgp242\06_hellodebug\x64\debug\06_hellodebug.tlog\link.read.4.tlog
c:\lasalle second year\goatedengine\vgp242\06_hellodebug\x64\debug\06_hellodebug.tlog\link.read.5.tlog
c:\lasalle second year\goatedengine\vgp242\06_hellodebug\x64\debug\06_hellodebug.tlog\link.read.6.tlog
c:\lasalle second year\goatedengine\vgp242\06_hellodebug\x64\debug\06_hellodebug.tlog\link.write.1.tlog
