  pch.cpp
  AudioEngine.cpp
  DynamicSoundEffectInstance.cpp
  SoundCommon.cpp
  SoundEffect.cpp
  SoundEffectInstance.cpp
  SoundStreamInstance.cpp
  WAVFileReader.cpp
  WaveBank.cpp
  WaveBankReader.cpp
  AlphaTestEffect.cpp
  BasicEffect.cpp
  BasicPostProcess.cpp
  BinaryReader.cpp
  BufferHelpers.cpp
  CommonStates.cpp
  DDSTextureLoader.cpp
  DGSLEffect.cpp
  DGSLEffectFactory.cpp
  DebugEffect.cpp
  DirectXHelpers.cpp
  Generating Code...
  Compiling...
  DualPostProcess.cpp
  DualTextureEffect.cpp
  EffectCommon.cpp
  EffectFactory.cpp
  EnvironmentMapEffect.cpp
  GamePad.cpp
  GeometricPrimitive.cpp
  Geometry.cpp
  GraphicsMemory.cpp
  Keyboard.cpp
  Model.cpp
  ModelLoadCMO.cpp
  ModelLoadSDKMESH.cpp
  ModelLoadVBO.cpp
  Mouse.cpp
  NormalMapEffect.cpp
  PBREffect.cpp
  PBREffectFactory.cpp
  PrimitiveBatch.cpp
  ScreenGrab.cpp
  Generating Code...
  Compiling...
  SimpleMath.cpp
  SkinnedEffect.cpp
  SpriteBatch.cpp
  SpriteFont.cpp
  ToneMapPostProcess.cpp
  VertexTypes.cpp
  WICTextureLoader.cpp
  Generating Code...
  DirectXTK_Desktop_2022.vcxproj -> C:\LASALLE SECOND YEAR\GoatedEngine\External\DirectXTK\Bin\Desktop_2022\x64\Debug\DirectXTK.lib
