c:\lasalle second year\goatedengine\external\directxtk\bin\desktop_2022\x64\debug\directxtk.pch
c:\lasalle second year\goatedengine\external\directxtk\bin\desktop_2022\x64\debug\directxtk.pdb
c:\lasalle second year\goatedengine\external\directxtk\bin\desktop_2022\x64\debug\pch.obj
c:\lasalle second year\goatedengine\external\directxtk\bin\desktop_2022\x64\debug\directxhelpers.obj
c:\lasalle second year\goatedengine\external\directxtk\bin\desktop_2022\x64\debug\debugeffect.obj
c:\lasalle second year\goatedengine\external\directxtk\bin\desktop_2022\x64\debug\dgsleffectfactory.obj
c:\lasalle second year\goatedengine\external\directxtk\bin\desktop_2022\x64\debug\dgsleffect.obj
c:\lasalle second year\goatedengine\external\directxtk\bin\desktop_2022\x64\debug\ddstextureloader.obj
c:\lasalle second year\goatedengine\external\directxtk\bin\desktop_2022\x64\debug\commonstates.obj
c:\lasalle second year\goatedengine\external\directxtk\bin\desktop_2022\x64\debug\bufferhelpers.obj
c:\lasalle second year\goatedengine\external\directxtk\bin\desktop_2022\x64\debug\binaryreader.obj
c:\lasalle second year\goatedengine\external\directxtk\bin\desktop_2022\x64\debug\basicpostprocess.obj
c:\lasalle second year\goatedengine\external\directxtk\bin\desktop_2022\x64\debug\basiceffect.obj
c:\lasalle second year\goatedengine\external\directxtk\bin\desktop_2022\x64\debug\alphatesteffect.obj
c:\lasalle second year\goatedengine\external\directxtk\bin\desktop_2022\x64\debug\wavebankreader.obj
c:\lasalle second year\goatedengine\external\directxtk\bin\desktop_2022\x64\debug\wavebank.obj
c:\lasalle second year\goatedengine\external\directxtk\bin\desktop_2022\x64\debug\wavfilereader.obj
c:\lasalle second year\goatedengine\external\directxtk\bin\desktop_2022\x64\debug\soundstreaminstance.obj
c:\lasalle second year\goatedengine\external\directxtk\bin\desktop_2022\x64\debug\soundeffectinstance.obj
c:\lasalle second year\goatedengine\external\directxtk\bin\desktop_2022\x64\debug\soundeffect.obj
c:\lasalle second year\goatedengine\external\directxtk\bin\desktop_2022\x64\debug\soundcommon.obj
c:\lasalle second year\goatedengine\external\directxtk\bin\desktop_2022\x64\debug\dynamicsoundeffectinstance.obj
c:\lasalle second year\goatedengine\external\directxtk\bin\desktop_2022\x64\debug\audioengine.obj
c:\lasalle second year\goatedengine\external\directxtk\bin\desktop_2022\x64\debug\screengrab.obj
c:\lasalle second year\goatedengine\external\directxtk\bin\desktop_2022\x64\debug\primitivebatch.obj
c:\lasalle second year\goatedengine\external\directxtk\bin\desktop_2022\x64\debug\pbreffectfactory.obj
c:\lasalle second year\goatedengine\external\directxtk\bin\desktop_2022\x64\debug\pbreffect.obj
c:\lasalle second year\goatedengine\external\directxtk\bin\desktop_2022\x64\debug\normalmapeffect.obj
c:\lasalle second year\goatedengine\external\directxtk\bin\desktop_2022\x64\debug\mouse.obj
c:\lasalle second year\goatedengine\external\directxtk\bin\desktop_2022\x64\debug\modelloadvbo.obj
c:\lasalle second year\goatedengine\external\directxtk\bin\desktop_2022\x64\debug\modelloadsdkmesh.obj
c:\lasalle second year\goatedengine\external\directxtk\bin\desktop_2022\x64\debug\modelloadcmo.obj
c:\lasalle second year\goatedengine\external\directxtk\bin\desktop_2022\x64\debug\model.obj
c:\lasalle second year\goatedengine\external\directxtk\bin\desktop_2022\x64\debug\keyboard.obj
c:\lasalle second year\goatedengine\external\directxtk\bin\desktop_2022\x64\debug\graphicsmemory.obj
c:\lasalle second year\goatedengine\external\directxtk\bin\desktop_2022\x64\debug\geometry.obj
c:\lasalle second year\goatedengine\external\directxtk\bin\desktop_2022\x64\debug\geometricprimitive.obj
c:\lasalle second year\goatedengine\external\directxtk\bin\desktop_2022\x64\debug\gamepad.obj
c:\lasalle second year\goatedengine\external\directxtk\bin\desktop_2022\x64\debug\environmentmapeffect.obj
c:\lasalle second year\goatedengine\external\directxtk\bin\desktop_2022\x64\debug\effectfactory.obj
c:\lasalle second year\goatedengine\external\directxtk\bin\desktop_2022\x64\debug\effectcommon.obj
c:\lasalle second year\goatedengine\external\directxtk\bin\desktop_2022\x64\debug\dualtextureeffect.obj
c:\lasalle second year\goatedengine\external\directxtk\bin\desktop_2022\x64\debug\dualpostprocess.obj
c:\lasalle second year\goatedengine\external\directxtk\bin\desktop_2022\x64\debug\wictextureloader.obj
c:\lasalle second year\goatedengine\external\directxtk\bin\desktop_2022\x64\debug\vertextypes.obj
c:\lasalle second year\goatedengine\external\directxtk\bin\desktop_2022\x64\debug\tonemappostprocess.obj
c:\lasalle second year\goatedengine\external\directxtk\bin\desktop_2022\x64\debug\spritefont.obj
c:\lasalle second year\goatedengine\external\directxtk\bin\desktop_2022\x64\debug\spritebatch.obj
c:\lasalle second year\goatedengine\external\directxtk\bin\desktop_2022\x64\debug\skinnedeffect.obj
c:\lasalle second year\goatedengine\external\directxtk\bin\desktop_2022\x64\debug\simplemath.obj
c:\lasalle second year\goatedengine\external\directxtk\bin\desktop_2022\x64\debug\directxtk.lib
c:\lasalle second year\goatedengine\external\directxtk\bin\desktop_2022\x64\debug\directxt.e0b52ae7.tlog\cl.command.1.tlog
c:\lasalle second year\goatedengine\external\directxtk\bin\desktop_2022\x64\debug\directxt.e0b52ae7.tlog\cl.items.tlog
c:\lasalle second year\goatedengine\external\directxtk\bin\desktop_2022\x64\debug\directxt.e0b52ae7.tlog\cl.read.1.tlog
c:\lasalle second year\goatedengine\external\directxtk\bin\desktop_2022\x64\debug\directxt.e0b52ae7.tlog\cl.write.1.tlog
c:\lasalle second year\goatedengine\external\directxtk\bin\desktop_2022\x64\debug\directxt.e0b52ae7.tlog\lib-link.read.1.tlog
c:\lasalle second year\goatedengine\external\directxtk\bin\desktop_2022\x64\debug\directxt.e0b52ae7.tlog\lib-link.write.1.tlog
c:\lasalle second year\goatedengine\external\directxtk\bin\desktop_2022\x64\debug\directxt.e0b52ae7.tlog\lib.command.1.tlog
