c:\lasalle second year\goatedengine\x64\debug\graphics.pdb
c:\lasalle second year\goatedengine\x64\debug\graphics.idb
c:\lasalle second year\goatedengine\framework\graphics\x64\debug\vertexshader.obj
c:\lasalle second year\goatedengine\framework\graphics\x64\debug\pixelshader.obj
c:\lasalle second year\goatedengine\framework\graphics\x64\debug\meshbuffer.obj
c:\lasalle second year\goatedengine\framework\graphics\x64\debug\graphicsystem.obj
c:\lasalle second year\goatedengine\framework\graphics\x64\debug\contantbuffer.obj
c:\lasalle second year\goatedengine\framework\graphics\x64\debug\camera.obj
c:\lasalle second year\goatedengine\framework\graphics\x64\debug\texture.obj
c:\lasalle second year\goatedengine\framework\graphics\x64\debug\meshbuilder.obj
c:\lasalle second year\goatedengine\framework\graphics\x64\debug\graphics.pch
c:\lasalle second year\goatedengine\framework\graphics\x64\debug\precompiled.obj
c:\lasalle second year\goatedengine\framework\graphics\x64\debug\texturemanager.obj
c:\lasalle second year\goatedengine\framework\graphics\x64\debug\sampler.obj
c:\lasalle second year\goatedengine\framework\graphics\x64\debug\debugui.obj
c:\lasalle second year\goatedengine\x64\debug\graphics.lib
c:\lasalle second year\goatedengine\framework\graphics\x64\debug\graphics.tlog\cl.command.1.tlog
c:\lasalle second year\goatedengine\framework\graphics\x64\debug\graphics.tlog\cl.items.tlog
c:\lasalle second year\goatedengine\framework\graphics\x64\debug\graphics.tlog\cl.read.1.tlog
c:\lasalle second year\goatedengine\framework\graphics\x64\debug\graphics.tlog\cl.write.1.tlog
c:\lasalle second year\goatedengine\framework\graphics\x64\debug\graphics.tlog\lib-link.read.1.tlog
c:\lasalle second year\goatedengine\framework\graphics\x64\debug\graphics.tlog\lib-link.write.1.tlog
c:\lasalle second year\goatedengine\framework\graphics\x64\debug\graphics.tlog\lib.command.1.tlog
